progress_video/button_press_wall/all_fail/1
progress_video/button_press_wall/all_fail/2
progress_video/button_press_wall/close_succ/1
progress_video/button_press_wall/close_succ/2
progress_video/button_press_wall/success/1
progress_video/button_press_wall/success/2
progress_video/button_press_wall/GT/1
progress_video/button_press_wall/GT/2
progress_video/topdown/all_fail/1
progress_video/topdown/all_fail/2
progress_video/topdown/close_succ/1
progress_video/topdown/close_succ/2
progress_video/topdown/success/1
progress_video/topdown/success/2
progress_video/topdown/GT/1
progress_video/topdown/GT/2
progress_video/windowclose/all_fail/1
progress_video/windowclose/all_fail/2
progress_video/windowclose/close_succ/1
progress_video/windowclose/close_succ/2
progress_video/windowclose/success/1
progress_video/windowclose/success/2
progress_video/windowclose/GT/1
progress_video/windowclose/GT/2
progress_video/button_press_wall/all_fail/1
progress_video/button_press_wall/all_fail/2
progress_video/button_press_wall/close_succ/1
progress_video/button_press_wall/close_succ/2
progress_video/button_press_wall/success/1
progress_video/button_press_wall/success/2
progress_video/button_press_wall/GT/1
progress_video/button_press_wall/GT/2
progress_video/topdown/all_fail/1
progress_video/topdown/all_fail/2
progress_video/topdown/close_succ/1
progress_video/topdown/close_succ/2
progress_video/topdown/success/1
progress_video/topdown/success/2
progress_video/topdown/GT/1
progress_video/topdown/GT/2
progress_video/windowclose/all_fail/1
progress_video/windowclose/all_fail/2
progress_video/windowclose/close_succ/1
progress_video/windowclose/close_succ/2
progress_video/windowclose/success/1
progress_video/windowclose/success/2
progress_video/windowclose/GT/1
progress_video/windowclose/GT/2
progress_video/button_press_wall/all_fail/1
progress_video/button_press_wall/all_fail/2
progress_video/button_press_wall/close_succ/1
progress_video/button_press_wall/close_succ/2
progress_video/button_press_wall/success/1
progress_video/button_press_wall/success/2
progress_video/button_press_wall/GT/1
progress_video/button_press_wall/GT/2
progress_video/topdown/all_fail/1
progress_video/topdown/all_fail/2
progress_video/topdown/close_succ/1
progress_video/topdown/close_succ/2
progress_video/topdown/success/1
progress_video/topdown/success/2
progress_video/topdown/GT/1
progress_video/topdown/GT/2
progress_video/windowclose/all_fail/1
progress_video/windowclose/all_fail/2
progress_video/windowclose/close_succ/1
progress_video/windowclose/close_succ/2
progress_video/windowclose/success/1
progress_video/windowclose/success/2
progress_video/windowclose/GT/1
progress_video/windowclose/GT/2
progress_video/button_press_wall/all_fail/1
progress_video/button_press_wall/all_fail/2
progress_video/button_press_wall/close_succ/1
progress_video/button_press_wall/close_succ/2
progress_video/button_press_wall/success/1
progress_video/button_press_wall/success/2
progress_video/button_press_wall/GT/1
progress_video/button_press_wall/GT/2
progress_video/topdown/all_fail/1
progress_video/topdown/all_fail/2
progress_video/topdown/close_succ/1
progress_video/topdown/close_succ/2
progress_video/topdown/success/1
progress_video/topdown/success/2
progress_video/topdown/GT/1
progress_video/topdown/GT/2
progress_video/windowclose/all_fail/1
progress_video/windowclose/all_fail/2
progress_video/windowclose/close_succ/1
progress_video/windowclose/close_succ/2
progress_video/windowclose/success/1
progress_video/windowclose/success/2
progress_video/windowclose/GT/1
progress_video/windowclose/GT/2
progress_video/button_press_wall/all_fail/1
progress_video/button_press_wall/all_fail/2
progress_video/button_press_wall/close_succ/1
progress_video/button_press_wall/close_succ/2
progress_video/button_press_wall/success/1
progress_video/button_press_wall/success/2
progress_video/button_press_wall/GT/1
progress_video/button_press_wall/GT/2
progress_video/topdown/all_fail/1
progress_video/topdown/all_fail/2
progress_video/topdown/close_succ/1
progress_video/topdown/close_succ/2
progress_video/topdown/success/1
progress_video/topdown/success/2
progress_video/topdown/GT/1
progress_video/topdown/GT/2
progress_video/windowclose/all_fail/1
progress_video/windowclose/all_fail/2
progress_video/windowclose/close_succ/1
progress_video/windowclose/close_succ/2
progress_video/windowclose/success/1
progress_video/windowclose/success/2
progress_video/windowclose/GT/1
progress_video/windowclose/GT/2
progress_video/button_press_wall/all_fail/1
progress_video/button_press_wall/all_fail/2
progress_video/button_press_wall/close_succ/1
progress_video/button_press_wall/close_succ/2
progress_video/button_press_wall/success/1
progress_video/button_press_wall/success/2
progress_video/button_press_wall/GT/1
progress_video/button_press_wall/GT/2
progress_video/topdown/all_fail/1
progress_video/topdown/all_fail/2
progress_video/topdown/close_succ/1
progress_video/topdown/close_succ/2
progress_video/topdown/success/1
progress_video/topdown/success/2
progress_video/topdown/GT/1
progress_video/topdown/GT/2
progress_video/windowclose/all_fail/1
progress_video/windowclose/all_fail/2
progress_video/windowclose/close_succ/1
progress_video/windowclose/close_succ/2
progress_video/windowclose/success/1
progress_video/windowclose/success/2
progress_video/windowclose/GT/1
progress_video/windowclose/GT/2
progress_video/button_press_wall/all_fail/1
progress_video/button_press_wall/all_fail/2
progress_video/button_press_wall/close_succ/1
progress_video/button_press_wall/close_succ/2
progress_video/button_press_wall/success/1
progress_video/button_press_wall/success/2
progress_video/button_press_wall/GT/1
progress_video/button_press_wall/GT/2
progress_video/topdown/all_fail/1
progress_video/topdown/all_fail/2
progress_video/topdown/close_succ/1
progress_video/topdown/close_succ/2
progress_video/topdown/success/1
progress_video/topdown/success/2
progress_video/topdown/GT/1
progress_video/topdown/GT/2
progress_video/windowclose/all_fail/1
progress_video/windowclose/all_fail/2
progress_video/windowclose/close_succ/1
progress_video/windowclose/close_succ/2
progress_video/windowclose/success/1
progress_video/windowclose/success/2
progress_video/windowclose/GT/1
progress_video/windowclose/GT/2
progress_video/button_press_wall/all_fail/1
progress_video/button_press_wall/all_fail/2
progress_video/button_press_wall/close_succ/1
progress_video/button_press_wall/close_succ/2
progress_video/button_press_wall/success/1
progress_video/button_press_wall/success/2
progress_video/button_press_wall/GT/1
progress_video/button_press_wall/GT/2
progress_video/topdown/all_fail/1
progress_video/topdown/all_fail/2
progress_video/topdown/close_succ/1
progress_video/topdown/close_succ/2
progress_video/topdown/success/1
progress_video/topdown/success/2
progress_video/topdown/GT/1
progress_video/topdown/GT/2
progress_video/windowclose/all_fail/1
progress_video/windowclose/all_fail/2
progress_video/windowclose/close_succ/1
progress_video/windowclose/close_succ/2
progress_video/windowclose/success/1
progress_video/windowclose/success/2
progress_video/windowclose/GT/1
progress_video/windowclose/GT/2
