progress_video/button_press_wall/all_fail/1
progress_video/button_press_wall/all_fail/2
progress_video/button_press_wall/close_succ/1
progress_video/button_press_wall/close_succ/2
progress_video/button_press_wall/success/1
progress_video/button_press_wall/success/2
progress_video/button_press_wall/GT/1
progress_video/button_press_wall/GT/2
progress_video/topdown/all_fail/1
progress_video/topdown/all_fail/2
progress_video/topdown/close_succ/1
progress_video/topdown/close_succ/2
progress_video/topdown/success/1
progress_video/topdown/success/2
progress_video/topdown/GT/1
progress_video/topdown/GT/2
progress_video/windowclose/all_fail/1
progress_video/windowclose/all_fail/2
progress_video/windowclose/close_succ/1
progress_video/windowclose/close_succ/2
progress_video/windowclose/success/1
progress_video/windowclose/success/2
progress_video/windowclose/GT/1
progress_video/windowclose/GT/2
progress_video/button_press_wall/all_fail/1
progress_video/button_press_wall/all_fail/2
progress_video/button_press_wall/close_succ/1
progress_video/button_press_wall/close_succ/2
progress_video/button_press_wall/success/1
progress_video/button_press_wall/success/2
progress_video/button_press_wall/GT/1
progress_video/button_press_wall/GT/2
progress_video/topdown/all_fail/1
progress_video/topdown/all_fail/2
progress_video/topdown/close_succ/1
progress_video/topdown/close_succ/2
progress_video/topdown/success/1
progress_video/topdown/success/2
progress_video/topdown/GT/1
progress_video/topdown/GT/2
progress_video/windowclose/all_fail/1
progress_video/windowclose/all_fail/2
progress_video/windowclose/close_succ/1
progress_video/windowclose/close_succ/2
progress_video/windowclose/success/1
progress_video/windowclose/success/2
progress_video/windowclose/GT/1
progress_video/windowclose/GT/2
progress_video/button_press_wall/all_fail/1
progress_video/button_press_wall/all_fail/2
progress_video/button_press_wall/close_succ/1
progress_video/button_press_wall/close_succ/2
progress_video/button_press_wall/success/1
progress_video/button_press_wall/success/2
progress_video/button_press_wall/GT/1
progress_video/button_press_wall/GT/2
progress_video/topdown/all_fail/1
progress_video/topdown/all_fail/2
progress_video/topdown/close_succ/1
progress_video/topdown/close_succ/2
progress_video/topdown/success/1
progress_video/topdown/success/2
progress_video/topdown/GT/1
progress_video/topdown/GT/2
progress_video/windowclose/all_fail/1
progress_video/windowclose/all_fail/2
progress_video/windowclose/close_succ/1
progress_video/windowclose/close_succ/2
progress_video/windowclose/success/1
progress_video/windowclose/success/2
progress_video/windowclose/GT/1
progress_video/windowclose/GT/2
progress_video/button_press_wall/all_fail/1
progress_video/button_press_wall/all_fail/2
progress_video/button_press_wall/close_succ/1
progress_video/button_press_wall/close_succ/2
progress_video/button_press_wall/success/1
progress_video/button_press_wall/success/2
progress_video/button_press_wall/GT/1
progress_video/button_press_wall/GT/2
progress_video/topdown/all_fail/1
progress_video/topdown/all_fail/2
progress_video/topdown/close_succ/1
progress_video/topdown/close_succ/2
progress_video/topdown/success/1
progress_video/topdown/success/2
progress_video/topdown/GT/1
progress_video/topdown/GT/2
progress_video/windowclose/all_fail/1
progress_video/windowclose/all_fail/2
progress_video/windowclose/close_succ/1
progress_video/windowclose/close_succ/2
progress_video/windowclose/success/1
progress_video/windowclose/success/2
progress_video/windowclose/GT/1
progress_video/windowclose/GT/2
progress_video/button_press_wall/all_fail/1
progress_video/button_press_wall/all_fail/2
progress_video/button_press_wall/close_succ/1
progress_video/button_press_wall/close_succ/2
progress_video/button_press_wall/success/1
progress_video/button_press_wall/success/2
progress_video/button_press_wall/GT/1
progress_video/button_press_wall/GT/2
progress_video/topdown/all_fail/1
progress_video/topdown/all_fail/2
progress_video/topdown/close_succ/1
progress_video/topdown/close_succ/2
progress_video/topdown/success/1
progress_video/topdown/success/2
progress_video/topdown/GT/1
progress_video/topdown/GT/2
progress_video/windowclose/all_fail/1
progress_video/windowclose/all_fail/2
progress_video/windowclose/close_succ/1
progress_video/windowclose/close_succ/2
progress_video/windowclose/success/1
progress_video/windowclose/success/2
progress_video/windowclose/GT/1
progress_video/windowclose/GT/2
progress_video/button_press_wall/all_fail/1
progress_video/button_press_wall/all_fail/2
progress_video/button_press_wall/close_succ/1
progress_video/button_press_wall/close_succ/2
progress_video/button_press_wall/success/1
progress_video/button_press_wall/success/2
progress_video/button_press_wall/GT/1
progress_video/button_press_wall/GT/2
progress_video/topdown/all_fail/1
progress_video/topdown/all_fail/2
progress_video/topdown/close_succ/1
progress_video/topdown/close_succ/2
progress_video/topdown/success/1
progress_video/topdown/success/2
progress_video/topdown/GT/1
progress_video/topdown/GT/2
progress_video/windowclose/all_fail/1
progress_video/windowclose/all_fail/2
progress_video/windowclose/close_succ/1
progress_video/windowclose/close_succ/2
progress_video/windowclose/success/1
progress_video/windowclose/success/2
progress_video/windowclose/GT/1
progress_video/windowclose/GT/2
progress_video/button_press_wall/all_fail/1
progress_video/button_press_wall/all_fail/2
progress_video/button_press_wall/close_succ/1
progress_video/button_press_wall/close_succ/2
progress_video/button_press_wall/success/1
progress_video/button_press_wall/success/2
progress_video/button_press_wall/GT/1
progress_video/button_press_wall/GT/2
progress_video/topdown/all_fail/1
progress_video/topdown/all_fail/2
progress_video/topdown/close_succ/1
progress_video/topdown/close_succ/2
progress_video/topdown/success/1
progress_video/topdown/success/2
progress_video/topdown/GT/1
progress_video/topdown/GT/2
progress_video/windowclose/all_fail/1
progress_video/windowclose/all_fail/2
progress_video/windowclose/close_succ/1
progress_video/windowclose/close_succ/2
progress_video/windowclose/success/1
progress_video/windowclose/success/2
progress_video/windowclose/GT/1
progress_video/windowclose/GT/2
progress_video/button_press_wall/all_fail/1
progress_video/button_press_wall/all_fail/2
progress_video/button_press_wall/close_succ/1
progress_video/button_press_wall/close_succ/2
progress_video/button_press_wall/success/1
progress_video/button_press_wall/success/2
progress_video/button_press_wall/GT/1
progress_video/button_press_wall/GT/2
progress_video/topdown/all_fail/1
progress_video/topdown/all_fail/2
progress_video/topdown/close_succ/1
progress_video/topdown/close_succ/2
progress_video/topdown/success/1
progress_video/topdown/success/2
progress_video/topdown/GT/1
progress_video/topdown/GT/2
progress_video/windowclose/all_fail/1
progress_video/windowclose/all_fail/2
progress_video/windowclose/close_succ/1
progress_video/windowclose/close_succ/2
progress_video/windowclose/success/1
progress_video/windowclose/success/2
progress_video/windowclose/GT/1
progress_video/windowclose/GT/2
progress_video/button_press/all_fail/1
progress_video/button_press/all_fail/2
progress_video/button_press/close_succ/1
progress_video/button_press/close_succ/2
progress_video/button_press/success/1
progress_video/button_press/success/2
progress_video/button_press/GT/1
progress_video/button_press/GT/2
progress_video/button_press_wall/all_fail/1
progress_video/button_press_wall/all_fail/2
progress_video/button_press_wall/close_succ/1
progress_video/button_press_wall/close_succ/2
progress_video/button_press_wall/success/1
progress_video/button_press_wall/success/2
progress_video/button_press_wall/GT/1
progress_video/button_press_wall/GT/2
progress_video/door_open/all_fail/1
progress_video/door_open/all_fail/2
progress_video/door_open/close_succ/1
progress_video/door_open/close_succ/2
progress_video/door_open/success/1
progress_video/door_open/success/2
progress_video/door_open/GT/1
progress_video/door_open/GT/2
progress_video/drawer_close/all_fail/1
progress_video/drawer_close/all_fail/2
progress_video/drawer_close/close_succ/1
progress_video/drawer_close/close_succ/2
progress_video/drawer_close/success/1
progress_video/drawer_close/success/2
progress_video/drawer_close/GT/1
progress_video/drawer_close/GT/2
progress_video/faucet_open/all_fail/1
progress_video/faucet_open/all_fail/2
progress_video/faucet_open/close_succ/1
progress_video/faucet_open/close_succ/2
progress_video/faucet_open/success/1
progress_video/faucet_open/success/2
progress_video/faucet_open/GT/1
progress_video/faucet_open/GT/2
progress_video/handle_press_side/all_fail/1
progress_video/handle_press_side/all_fail/2
progress_video/handle_press_side/close_succ/1
progress_video/handle_press_side/close_succ/2
progress_video/handle_press_side/success/1
progress_video/handle_press_side/success/2
progress_video/handle_press_side/GT/1
progress_video/handle_press_side/GT/2
progress_video/handle_pull_side/all_fail/1
progress_video/handle_pull_side/all_fail/2
progress_video/handle_pull_side/close_succ/1
progress_video/handle_pull_side/close_succ/2
progress_video/handle_pull_side/success/1
progress_video/handle_pull_side/success/2
progress_video/handle_pull_side/GT/1
progress_video/handle_pull_side/GT/2
progress_video/topdown/all_fail/1
progress_video/topdown/all_fail/2
progress_video/topdown/close_succ/1
progress_video/topdown/close_succ/2
progress_video/topdown/success/1
progress_video/topdown/success/2
progress_video/topdown/GT/1
progress_video/topdown/GT/2
progress_video/windowclose/all_fail/1
progress_video/windowclose/all_fail/2
progress_video/windowclose/close_succ/1
progress_video/windowclose/close_succ/2
progress_video/windowclose/success/1
progress_video/windowclose/success/2
progress_video/windowclose/GT/1
progress_video/windowclose/GT/2
progress_video/button_press/all_fail/1
progress_video/button_press/all_fail/2
progress_video/button_press/close_succ/1
progress_video/button_press/close_succ/2
progress_video/button_press/success/1
progress_video/button_press/success/2
progress_video/button_press/GT/1
progress_video/button_press/GT/2
progress_video/button_press_wall/all_fail/1
progress_video/button_press_wall/all_fail/2
progress_video/button_press_wall/close_succ/1
progress_video/button_press_wall/close_succ/2
progress_video/button_press_wall/success/1
progress_video/button_press_wall/success/2
progress_video/button_press_wall/GT/1
progress_video/button_press_wall/GT/2
progress_video/door_open/all_fail/1
progress_video/door_open/all_fail/2
progress_video/door_open/close_succ/1
progress_video/door_open/close_succ/2
progress_video/door_open/success/1
progress_video/door_open/success/2
progress_video/door_open/GT/1
progress_video/door_open/GT/2
progress_video/drawer_close/all_fail/1
progress_video/drawer_close/all_fail/2
progress_video/drawer_close/close_succ/1
progress_video/drawer_close/close_succ/2
progress_video/drawer_close/success/1
progress_video/drawer_close/success/2
progress_video/drawer_close/GT/1
progress_video/drawer_close/GT/2
progress_video/faucet_open/all_fail/1
progress_video/faucet_open/all_fail/2
progress_video/faucet_open/close_succ/1
progress_video/faucet_open/close_succ/2
progress_video/faucet_open/success/1
progress_video/faucet_open/success/2
progress_video/faucet_open/GT/1
progress_video/faucet_open/GT/2
progress_video/handle_press_side/all_fail/1
progress_video/handle_press_side/all_fail/2
progress_video/handle_press_side/close_succ/1
progress_video/handle_press_side/close_succ/2
progress_video/handle_press_side/success/1
progress_video/handle_press_side/success/2
progress_video/handle_press_side/GT/1
progress_video/handle_press_side/GT/2
progress_video/handle_pull_side/all_fail/1
progress_video/handle_pull_side/all_fail/2
progress_video/handle_pull_side/close_succ/1
progress_video/handle_pull_side/close_succ/2
progress_video/handle_pull_side/success/1
progress_video/handle_pull_side/success/2
progress_video/handle_pull_side/GT/1
progress_video/handle_pull_side/GT/2
progress_video/topdown/all_fail/1
progress_video/topdown/all_fail/2
progress_video/topdown/close_succ/1
progress_video/topdown/close_succ/2
progress_video/topdown/success/1
progress_video/topdown/success/2
progress_video/topdown/GT/1
progress_video/topdown/GT/2
progress_video/windowclose/all_fail/1
progress_video/windowclose/all_fail/2
progress_video/windowclose/close_succ/1
progress_video/windowclose/close_succ/2
progress_video/windowclose/success/1
progress_video/windowclose/success/2
progress_video/windowclose/GT/1
progress_video/windowclose/GT/2
progress_video/button_press/all_fail/1
progress_video/button_press/all_fail/2
progress_video/button_press/close_succ/1
progress_video/button_press/close_succ/2
progress_video/button_press/success/1
progress_video/button_press/success/2
progress_video/button_press/GT/1
progress_video/button_press/GT/2
progress_video/button_press_wall/all_fail/1
progress_video/button_press_wall/all_fail/2
progress_video/button_press_wall/close_succ/1
progress_video/button_press_wall/close_succ/2
progress_video/button_press_wall/success/1
progress_video/button_press_wall/success/2
progress_video/button_press_wall/GT/1
progress_video/button_press_wall/GT/2
progress_video/door_open/all_fail/1
progress_video/door_open/all_fail/2
progress_video/door_open/close_succ/1
progress_video/door_open/close_succ/2
progress_video/door_open/success/1
progress_video/door_open/success/2
progress_video/door_open/GT/1
progress_video/door_open/GT/2
progress_video/drawer_close/all_fail/1
progress_video/drawer_close/all_fail/2
progress_video/drawer_close/close_succ/1
progress_video/drawer_close/close_succ/2
progress_video/drawer_close/success/1
progress_video/drawer_close/success/2
progress_video/drawer_close/GT/1
progress_video/drawer_close/GT/2
progress_video/faucet_open/all_fail/1
progress_video/faucet_open/all_fail/2
progress_video/faucet_open/close_succ/1
progress_video/faucet_open/close_succ/2
progress_video/faucet_open/success/1
progress_video/faucet_open/success/2
progress_video/faucet_open/GT/1
progress_video/faucet_open/GT/2
progress_video/handle_press_side/all_fail/1
progress_video/handle_press_side/all_fail/2
progress_video/handle_press_side/close_succ/1
progress_video/handle_press_side/close_succ/2
progress_video/handle_press_side/success/1
progress_video/handle_press_side/success/2
progress_video/handle_press_side/GT/1
progress_video/handle_press_side/GT/2
progress_video/handle_pull_side/all_fail/1
progress_video/handle_pull_side/all_fail/2
progress_video/handle_pull_side/close_succ/1
progress_video/handle_pull_side/close_succ/2
progress_video/handle_pull_side/success/1
progress_video/handle_pull_side/success/2
progress_video/handle_pull_side/GT/1
progress_video/handle_pull_side/GT/2
progress_video/topdown/all_fail/1
progress_video/topdown/all_fail/2
progress_video/topdown/close_succ/1
progress_video/topdown/close_succ/2
progress_video/topdown/success/1
progress_video/topdown/success/2
progress_video/topdown/GT/1
progress_video/topdown/GT/2
progress_video/windowclose/all_fail/1
progress_video/windowclose/all_fail/2
progress_video/windowclose/close_succ/1
progress_video/windowclose/close_succ/2
progress_video/windowclose/success/1
progress_video/windowclose/success/2
progress_video/windowclose/GT/1
progress_video/windowclose/GT/2
progress_video/button_press/all_fail/1
progress_video/button_press/all_fail/2
progress_video/button_press/close_succ/1
progress_video/button_press/close_succ/2
progress_video/button_press/success/1
progress_video/button_press/success/2
progress_video/button_press/GT/1
progress_video/button_press/GT/2
progress_video/button_press_wall/all_fail/1
progress_video/button_press_wall/all_fail/2
progress_video/button_press_wall/close_succ/1
progress_video/button_press_wall/close_succ/2
progress_video/button_press_wall/success/1
progress_video/button_press_wall/success/2
progress_video/button_press_wall/GT/1
progress_video/button_press_wall/GT/2
progress_video/door_open/all_fail/1
progress_video/door_open/all_fail/2
progress_video/door_open/close_succ/1
progress_video/door_open/close_succ/2
progress_video/door_open/success/1
progress_video/door_open/success/2
progress_video/door_open/GT/1
progress_video/door_open/GT/2
progress_video/drawer_close/all_fail/1
progress_video/drawer_close/all_fail/2
progress_video/drawer_close/close_succ/1
progress_video/drawer_close/close_succ/2
progress_video/drawer_close/success/1
progress_video/drawer_close/success/2
progress_video/drawer_close/GT/1
progress_video/drawer_close/GT/2
progress_video/faucet_open/all_fail/1
progress_video/faucet_open/all_fail/2
progress_video/faucet_open/close_succ/1
progress_video/faucet_open/close_succ/2
progress_video/faucet_open/success/1
progress_video/faucet_open/success/2
progress_video/faucet_open/GT/1
progress_video/faucet_open/GT/2
progress_video/handle_press_side/all_fail/1
progress_video/handle_press_side/all_fail/2
progress_video/handle_press_side/close_succ/1
progress_video/handle_press_side/close_succ/2
progress_video/handle_press_side/success/1
progress_video/handle_press_side/success/2
progress_video/handle_press_side/GT/1
progress_video/handle_press_side/GT/2
progress_video/handle_pull_side/all_fail/1
progress_video/handle_pull_side/all_fail/2
progress_video/handle_pull_side/close_succ/1
progress_video/handle_pull_side/close_succ/2
progress_video/handle_pull_side/success/1
progress_video/handle_pull_side/success/2
progress_video/handle_pull_side/GT/1
progress_video/handle_pull_side/GT/2
progress_video/topdown/all_fail/1
progress_video/topdown/all_fail/2
progress_video/topdown/close_succ/1
progress_video/topdown/close_succ/2
progress_video/topdown/success/1
progress_video/topdown/success/2
progress_video/topdown/GT/1
progress_video/topdown/GT/2
progress_video/windowclose/all_fail/1
progress_video/windowclose/all_fail/2
progress_video/windowclose/close_succ/1
progress_video/windowclose/close_succ/2
progress_video/windowclose/success/1
progress_video/windowclose/success/2
progress_video/windowclose/GT/1
progress_video/windowclose/GT/2
progress_video/button_press/all_fail/1
progress_video/button_press/all_fail/2
progress_video/button_press/close_succ/1
progress_video/button_press/close_succ/2
progress_video/button_press/success/1
progress_video/button_press/success/2
progress_video/button_press/GT/1
progress_video/button_press/GT/2
progress_video/button_press_wall/all_fail/1
progress_video/button_press_wall/all_fail/2
progress_video/button_press_wall/close_succ/1
progress_video/button_press_wall/close_succ/2
progress_video/button_press_wall/success/1
progress_video/button_press_wall/success/2
progress_video/button_press_wall/GT/1
progress_video/button_press_wall/GT/2
progress_video/door_open/all_fail/1
progress_video/door_open/all_fail/2
progress_video/door_open/close_succ/1
progress_video/door_open/close_succ/2
progress_video/door_open/success/1
progress_video/door_open/success/2
progress_video/door_open/GT/1
progress_video/door_open/GT/2
progress_video/drawer_close/all_fail/1
progress_video/drawer_close/all_fail/2
progress_video/drawer_close/close_succ/1
progress_video/drawer_close/close_succ/2
progress_video/drawer_close/success/1
progress_video/drawer_close/success/2
progress_video/drawer_close/GT/1
progress_video/drawer_close/GT/2
progress_video/faucet_open/all_fail/1
progress_video/faucet_open/all_fail/2
progress_video/faucet_open/close_succ/1
progress_video/faucet_open/close_succ/2
progress_video/faucet_open/success/1
progress_video/faucet_open/success/2
progress_video/faucet_open/GT/1
progress_video/faucet_open/GT/2
progress_video/handle_press_side/all_fail/1
progress_video/handle_press_side/all_fail/2
progress_video/handle_press_side/close_succ/1
progress_video/handle_press_side/close_succ/2
progress_video/handle_press_side/success/1
progress_video/handle_press_side/success/2
progress_video/handle_press_side/GT/1
progress_video/handle_press_side/GT/2
progress_video/handle_pull_side/all_fail/1
progress_video/handle_pull_side/all_fail/2
progress_video/handle_pull_side/close_succ/1
progress_video/handle_pull_side/close_succ/2
progress_video/handle_pull_side/success/1
progress_video/handle_pull_side/success/2
progress_video/handle_pull_side/GT/1
progress_video/handle_pull_side/GT/2
progress_video/topdown/all_fail/1
progress_video/topdown/all_fail/2
progress_video/topdown/close_succ/1
progress_video/topdown/close_succ/2
progress_video/topdown/success/1
progress_video/topdown/success/2
progress_video/topdown/GT/1
progress_video/topdown/GT/2
progress_video/windowclose/all_fail/1
progress_video/windowclose/all_fail/2
progress_video/windowclose/close_succ/1
progress_video/windowclose/close_succ/2
progress_video/windowclose/success/1
progress_video/windowclose/success/2
progress_video/windowclose/GT/1
progress_video/windowclose/GT/2
progress_video/button_press/all_fail/1
progress_video/button_press/all_fail/2
progress_video/button_press/close_succ/1
progress_video/button_press/close_succ/2
progress_video/button_press/success/1
progress_video/button_press/success/2
progress_video/button_press/GT/1
progress_video/button_press/GT/2
progress_video/button_press_wall/all_fail/1
progress_video/button_press_wall/all_fail/2
progress_video/button_press_wall/close_succ/1
progress_video/button_press_wall/close_succ/2
progress_video/button_press_wall/success/1
progress_video/button_press_wall/success/2
progress_video/button_press_wall/GT/1
progress_video/button_press_wall/GT/2
progress_video/door_open/all_fail/1
progress_video/door_open/all_fail/2
progress_video/door_open/close_succ/1
progress_video/door_open/close_succ/2
progress_video/door_open/success/1
progress_video/door_open/success/2
progress_video/door_open/GT/1
progress_video/door_open/GT/2
progress_video/drawer_close/all_fail/1
progress_video/drawer_close/all_fail/2
progress_video/drawer_close/close_succ/1
progress_video/drawer_close/close_succ/2
progress_video/drawer_close/success/1
progress_video/drawer_close/success/2
progress_video/drawer_close/GT/1
progress_video/drawer_close/GT/2
progress_video/faucet_open/all_fail/1
progress_video/faucet_open/all_fail/2
progress_video/faucet_open/close_succ/1
progress_video/faucet_open/close_succ/2
progress_video/faucet_open/success/1
progress_video/faucet_open/success/2
progress_video/faucet_open/GT/1
progress_video/faucet_open/GT/2
progress_video/handle_press_side/all_fail/1
progress_video/handle_press_side/all_fail/2
progress_video/handle_press_side/close_succ/1
progress_video/handle_press_side/close_succ/2
progress_video/handle_press_side/success/1
progress_video/handle_press_side/success/2
progress_video/handle_press_side/GT/1
progress_video/handle_press_side/GT/2
progress_video/handle_pull_side/all_fail/1
progress_video/handle_pull_side/all_fail/2
progress_video/handle_pull_side/close_succ/1
progress_video/handle_pull_side/close_succ/2
progress_video/handle_pull_side/success/1
progress_video/handle_pull_side/success/2
progress_video/handle_pull_side/GT/1
progress_video/handle_pull_side/GT/2
progress_video/topdown/all_fail/1
progress_video/topdown/all_fail/2
progress_video/topdown/close_succ/1
progress_video/topdown/close_succ/2
progress_video/topdown/success/1
progress_video/topdown/success/2
progress_video/topdown/GT/1
progress_video/topdown/GT/2
progress_video/windowclose/all_fail/1
progress_video/windowclose/all_fail/2
progress_video/windowclose/close_succ/1
progress_video/windowclose/close_succ/2
progress_video/windowclose/success/1
progress_video/windowclose/success/2
progress_video/windowclose/GT/1
progress_video/windowclose/GT/2
progress_video/button_press/all_fail/1
progress_video/button_press/all_fail/2
progress_video/button_press/close_succ/1
progress_video/button_press/close_succ/2
progress_video/button_press/success/1
progress_video/button_press/success/2
progress_video/button_press/GT/1
progress_video/button_press/GT/2
progress_video/button_press_wall/all_fail/1
progress_video/button_press_wall/all_fail/2
progress_video/button_press_wall/close_succ/1
progress_video/button_press_wall/close_succ/2
progress_video/button_press_wall/success/1
progress_video/button_press_wall/success/2
progress_video/button_press_wall/GT/1
progress_video/button_press_wall/GT/2
progress_video/door_open/all_fail/1
progress_video/door_open/all_fail/2
progress_video/door_open/close_succ/1
progress_video/door_open/close_succ/2
progress_video/door_open/success/1
progress_video/door_open/success/2
progress_video/door_open/GT/1
progress_video/door_open/GT/2
progress_video/drawer_close/all_fail/1
progress_video/drawer_close/all_fail/2
progress_video/drawer_close/close_succ/1
progress_video/drawer_close/close_succ/2
progress_video/drawer_close/success/1
progress_video/drawer_close/success/2
progress_video/drawer_close/GT/1
progress_video/drawer_close/GT/2
progress_video/faucet_open/all_fail/1
progress_video/faucet_open/all_fail/2
progress_video/faucet_open/close_succ/1
progress_video/faucet_open/close_succ/2
progress_video/faucet_open/success/1
progress_video/faucet_open/success/2
progress_video/faucet_open/GT/1
progress_video/faucet_open/GT/2
progress_video/handle_press_side/all_fail/1
progress_video/handle_press_side/all_fail/2
progress_video/handle_press_side/close_succ/1
progress_video/handle_press_side/close_succ/2
progress_video/handle_press_side/success/1
progress_video/handle_press_side/success/2
progress_video/handle_press_side/GT/1
progress_video/handle_press_side/GT/2
progress_video/handle_pull_side/all_fail/1
progress_video/handle_pull_side/all_fail/2
progress_video/handle_pull_side/close_succ/1
progress_video/handle_pull_side/close_succ/2
progress_video/handle_pull_side/success/1
progress_video/handle_pull_side/success/2
progress_video/handle_pull_side/GT/1
progress_video/handle_pull_side/GT/2
progress_video/topdown/all_fail/1
progress_video/topdown/all_fail/2
progress_video/topdown/close_succ/1
progress_video/topdown/close_succ/2
progress_video/topdown/success/1
progress_video/topdown/success/2
progress_video/topdown/GT/1
progress_video/topdown/GT/2
progress_video/windowclose/all_fail/1
progress_video/windowclose/all_fail/2
progress_video/windowclose/close_succ/1
progress_video/windowclose/close_succ/2
progress_video/windowclose/success/1
progress_video/windowclose/success/2
progress_video/windowclose/GT/1
progress_video/windowclose/GT/2
progress_video/button_press/all_fail/1
progress_video/button_press/all_fail/2
progress_video/button_press/close_succ/1
progress_video/button_press/close_succ/2
progress_video/button_press/success/1
progress_video/button_press/success/2
progress_video/button_press/GT/1
progress_video/button_press/GT/2
progress_video/button_press_wall/all_fail/1
progress_video/button_press_wall/all_fail/2
progress_video/button_press_wall/close_succ/1
progress_video/button_press_wall/close_succ/2
progress_video/button_press_wall/success/1
progress_video/button_press_wall/success/2
progress_video/button_press_wall/GT/1
progress_video/button_press_wall/GT/2
progress_video/door_open/all_fail/1
progress_video/door_open/all_fail/2
progress_video/door_open/close_succ/1
progress_video/door_open/close_succ/2
progress_video/door_open/success/1
progress_video/door_open/success/2
progress_video/door_open/GT/1
progress_video/door_open/GT/2
progress_video/drawer_close/all_fail/1
progress_video/drawer_close/all_fail/2
progress_video/drawer_close/close_succ/1
progress_video/drawer_close/close_succ/2
progress_video/drawer_close/success/1
progress_video/drawer_close/success/2
progress_video/drawer_close/GT/1
progress_video/drawer_close/GT/2
progress_video/faucet_open/all_fail/1
progress_video/faucet_open/all_fail/2
progress_video/faucet_open/close_succ/1
progress_video/faucet_open/close_succ/2
progress_video/faucet_open/success/1
progress_video/faucet_open/success/2
progress_video/faucet_open/GT/1
progress_video/faucet_open/GT/2
progress_video/handle_press_side/all_fail/1
progress_video/handle_press_side/all_fail/2
progress_video/handle_press_side/close_succ/1
progress_video/handle_press_side/close_succ/2
progress_video/handle_press_side/success/1
progress_video/handle_press_side/success/2
progress_video/handle_press_side/GT/1
progress_video/handle_press_side/GT/2
progress_video/handle_pull_side/all_fail/1
progress_video/handle_pull_side/all_fail/2
progress_video/handle_pull_side/close_succ/1
progress_video/handle_pull_side/close_succ/2
progress_video/handle_pull_side/success/1
progress_video/handle_pull_side/success/2
progress_video/handle_pull_side/GT/1
progress_video/handle_pull_side/GT/2
progress_video/topdown/all_fail/1
progress_video/topdown/all_fail/2
progress_video/topdown/close_succ/1
progress_video/topdown/close_succ/2
progress_video/topdown/success/1
progress_video/topdown/success/2
progress_video/topdown/GT/1
progress_video/topdown/GT/2
progress_video/windowclose/all_fail/1
progress_video/windowclose/all_fail/2
progress_video/windowclose/close_succ/1
progress_video/windowclose/close_succ/2
progress_video/windowclose/success/1
progress_video/windowclose/success/2
progress_video/windowclose/GT/1
progress_video/windowclose/GT/2
